// Jest Snapshot v1, https://goo.gl/fbAQLP

exports[`Card Snapshot Test 1`] = `
<View
  style={
    Array [
      Object {
        "backgroundColor": "#fffffff",
        "maxWidth": "100%",
        "paddingBottom": 16,
        "paddingTop": 12,
        "width": 128,
      },
      undefined,
    ]
  }
>
  <Image
    source={
      Object {
        "uri": "https://github.com/takagimeow/react-native-simple-banner-carousel",
      }
    }
    style={
      Object {
        "backgroundColor": "#bbb",
        "height": 156,
        "marginBottom": 8,
        "maxWidth": "100%",
        "width": 128,
      }
    }
  />
  <View
    style={
      Object {
        "display": "flex",
        "flexDirection": "row",
        "justifyContent": "space-between",
      }
    }
  >
    <Text
      style={
        Object {
          "flex": 11,
          "fontSize": 14,
        }
      }
    >
      マクドナルド札幌すすきの店
    </Text>
    <View
      style={
        Object {
          "alignItems": "center",
          "backgroundColor": "#f0f0f0",
          "borderRadius": 25,
          "display": "flex",
          "flex": 1,
          "justifyContent": "center",
          "paddingHorizontal": 4,
          "paddingVertical": 6,
        }
      }
    >
      <Text
        style={
          Object {
            "fontSize": 12,
          }
        }
      >
        4.7
      </Text>
    </View>
  </View>
  <View
    style={
      Object {
        "display": "flex",
        "flexDirection": "row",
        "justifyContent": "space-between",
      }
    }
  >
    <Text
      style={
        Object {
          "fontSize": 12,
        }
      }
    >
      配送手数料: ￥150・5-15分
    </Text>
  </View>
</View>
`;
